
  EPA STORM WATER MANAGEMENT MODEL - VERSION 5.2 (Build 5.2.4)
  PYSWMM TOOLKIT API - VERSION v1.0 (2025-12-04)
  ------------------------------------------------------------

  A pump control model. 
  From SWMM 5.2 examples 
  
  ****************
  Analysis Options
  ****************
  Flow Units ............... CFS
  Process Models:
    Rainfall/Runoff ........ NO
    RDII ................... NO
    Snowmelt ............... NO
    Groundwater ............ NO
    Flow Routing ........... YES
    Ponding Allowed ........ NO
    Water Quality .......... NO
  Flow Routing Method ...... DYNWAVE
  Surcharge Method ......... EXTRAN
  Starting Date ............ 01/01/2001 00:00:00
  Ending Date .............. 01/02/2001 00:00:00
  Antecedent Dry Days ...... 0.0
  Report Time Step ......... 00:00:20
  Routing Time Step ........ 20.00 sec
  Variable Time Step ....... NO
  Maximum Trials ........... 8
  Number of Threads ........ 1
  Head Tolerance ........... 0.005000 ft
  
  
  *********************
  Control Actions Taken
  *********************
   01/01/2001: 00:00:00 Link PUMP1 setting changed to   0.00 by Control PUMP1B
   01/01/2001: 00:11:40 Link PUMP1 setting changed to   1.00 by Control PUMP1A
   01/01/2001: 03:07:00 Link PUMP1 setting changed to   0.00 by Control PUMP1B
   01/01/2001: 03:15:20 Link PUMP1 setting changed to   1.00 by Control PUMP1A
   01/01/2001: 03:23:00 Link PUMP1 setting changed to   0.00 by Control PUMP1B
   01/01/2001: 03:31:20 Link PUMP1 setting changed to   1.00 by Control PUMP1A
   01/01/2001: 03:39:00 Link PUMP1 setting changed to   0.00 by Control PUMP1B
   01/01/2001: 03:47:20 Link PUMP1 setting changed to   1.00 by Control PUMP1A
   01/01/2001: 03:55:00 Link PUMP1 setting changed to   0.00 by Control PUMP1B
   01/01/2001: 04:03:20 Link PUMP1 setting changed to   1.00 by Control PUMP1A
   01/01/2001: 04:11:00 Link PUMP1 setting changed to   0.00 by Control PUMP1B
   01/01/2001: 04:19:20 Link PUMP1 setting changed to   1.00 by Control PUMP1A
   01/01/2001: 04:27:00 Link PUMP1 setting changed to   0.00 by Control PUMP1B
   01/01/2001: 04:35:20 Link PUMP1 setting changed to   1.00 by Control PUMP1A
   01/01/2001: 04:43:00 Link PUMP1 setting changed to   0.00 by Control PUMP1B
   01/01/2001: 04:51:20 Link PUMP1 setting changed to   1.00 by Control PUMP1A
   01/01/2001: 04:59:00 Link PUMP1 setting changed to   0.00 by Control PUMP1B
   01/01/2001: 05:05:20 Link PUMP1 setting changed to   1.00 by Control PUMP1A

  
  **************************        Volume        Volume
  Flow Routing Continuity        acre-feet      10^6 gal
  **************************     ---------     ---------
  Dry Weather Inflow .......         1.580         0.515
  Wet Weather Inflow .......         0.000         0.000
  Groundwater Inflow .......         0.000         0.000
  RDII Inflow ..............         0.000         0.000
  External Inflow ..........         0.000         0.000
  External Outflow .........         1.569         0.511
  Flooding Loss ............         0.000         0.000
  Evaporation Loss .........         0.000         0.000
  Exfiltration Loss ........         0.000         0.000
  Initial Stored Volume ....         0.000         0.000
  Final Stored Volume ......         0.011         0.004
  Continuity Error (%) .....        -0.017
  
  
  ********************************
  Highest Flow Instability Indexes
  ********************************
  All links are stable.
  
  
  *********************************
  Most Frequent Nonconverging Nodes
  *********************************
  Convergence obtained at all time steps.
  
  
  *************************
  Routing Time Step Summary
  *************************
  Minimum Time Step           :    20.00 sec
  Average Time Step           :    20.00 sec
  Maximum Time Step           :    20.00 sec
  % of Time in Steady State   :     0.00
  Average Iterations per Step :     2.03
  % of Steps Not Converging   :     0.00
  
  
  ******************
  Node Depth Summary
  ******************
  
  ---------------------------------------------------------------------------------
                                 Average  Maximum  Maximum  Time of Max    Reported
                                   Depth    Depth      HGL   Occurrence   Max Depth
  Node                 Type         Feet     Feet     Feet  days hr:min        Feet
  ---------------------------------------------------------------------------------
  KRO3001              JUNCTION     0.12     0.15   556.34     0  09:54        0.15
  KRO6015              JUNCTION     0.05     0.06   586.04     0  16:01        0.06
  KRO6016              JUNCTION     0.10     0.13   584.27     0  09:45        0.13
  KRO6017              JUNCTION     0.11     0.13   582.14     0  09:54        0.13
  KRO1002              JUNCTION     0.07     0.09   594.98     0  16:00        0.09
  KRO1003              JUNCTION     0.10     0.12   594.85     0  09:54        0.12
  KRO1004              JUNCTION     0.05     0.06   588.15     0  09:02        0.06
  KRO1005              JUNCTION     0.11     0.13   579.53     0  09:36        0.13
  KRO1006              JUNCTION     0.04     0.06   602.54     0  09:01        0.06
  KRO1007              JUNCTION     0.07     0.09   596.85     0  09:49        0.09
  KRO1008              JUNCTION     0.11     0.14   593.72     0  09:59        0.14
  KRO1009              JUNCTION     0.22     0.27   590.83     0  09:19        0.27
  KRO1010              JUNCTION     0.19     0.24   585.06     0  09:19        0.24
  KRO1012              JUNCTION     0.05     0.06   584.31     0  09:01        0.06
  KRO1013              JUNCTION     0.27     0.34   591.92     0  09:18        0.34
  KRO1014              JUNCTION     0.41     0.52   592.93     0  09:13        0.52
  KRO1015              JUNCTION     0.04     0.04   586.73     0  16:01        0.04
  KRO2001              JUNCTION     0.33     0.42   576.71     0  09:21        0.42
  KRO4004              JUNCTION     0.05     0.06   587.45     0  09:01        0.06
  KRO4008              JUNCTION     0.05     0.07   583.55     0  09:01        0.07
  KRO4009              JUNCTION     0.08     0.10   581.78     0  09:58        0.10
  KRO4010              JUNCTION     0.10     0.13   580.01     0  09:50        0.13
  KRO4011              JUNCTION     0.09     0.11   578.54     0  09:45        0.11
  KRO4012              JUNCTION     0.10     0.12   564.83     0  09:36        0.12
  KRO4013              JUNCTION     0.04     0.05   567.93     0  09:01        0.05
  KRO4014              JUNCTION     0.05     0.07   573.25     0  09:01        0.07
  KRO4015              JUNCTION     0.08     0.10   563.81     0  09:02        0.10
  KRO4016              JUNCTION     0.07     0.09   563.33     0  09:02        0.09
  KRO4017              JUNCTION     0.11     0.13   558.49     0  09:03        0.13
  KRO4018              JUNCTION     0.12     0.14   556.16     0  09:03        0.14
  KRO4019              JUNCTION     0.12     0.14   552.56     0  09:04        0.14
  KRO2005              OUTFALL      0.33     0.42   574.74     0  09:21        0.42
  PSO                  OUTFALL      0.00     0.00   548.36     0  00:00        0.00
  SU1                  STORAGE      2.24     4.12   548.86     0  00:11        4.12
  
  
  *******************
  Node Inflow Summary
  *******************
  
  -------------------------------------------------------------------------------------------------
                                  Maximum  Maximum                  Lateral       Total        Flow
                                  Lateral    Total  Time of Max      Inflow      Inflow     Balance
                                   Inflow   Inflow   Occurrence      Volume      Volume       Error
  Node                 Type           CFS      CFS  days hr:min    10^6 gal    10^6 gal     Percent
  -------------------------------------------------------------------------------------------------
  KRO3001              JUNCTION      0.04     0.32     0  09:27      0.0172       0.137       0.053
  KRO6015              JUNCTION      0.04     0.04     0  09:00      0.0172      0.0172       0.030
  KRO6016              JUNCTION      0.04     0.12     0  09:02      0.0172      0.0515       0.155
  KRO6017              JUNCTION      0.04     0.16     0  09:31      0.0172      0.0685       0.101
  KRO1002              JUNCTION      0.04     0.04     0  09:00      0.0172      0.0172       0.035
  KRO1003              JUNCTION      0.04     0.08     0  09:01      0.0172      0.0343       0.093
  KRO1004              JUNCTION      0.04     0.04     0  09:00      0.0172      0.0172       0.064
  KRO1005              JUNCTION      0.04     0.20     0  09:41      0.0172      0.0856       0.062
  KRO1006              JUNCTION      0.04     0.04     0  09:00      0.0172      0.0172       0.042
  KRO1007              JUNCTION      0.04     0.08     0  09:01      0.0172      0.0343       0.092
  KRO1008              JUNCTION      0.04     0.20     0  09:17      0.0172      0.0857       0.112
  KRO1009              JUNCTION      0.04     0.92     0  09:18      0.0172       0.392       0.065
  KRO1010              JUNCTION      0.04     0.96     0  09:19      0.0172       0.409       0.043
  KRO1012              JUNCTION      0.04     0.04     0  09:00      0.0172      0.0172       0.041
  KRO1013              JUNCTION      0.04     0.68     0  09:15      0.0172        0.29       0.213
  KRO1014              JUNCTION      0.00     0.89     0  00:12           0       0.273       0.171
  KRO1015              JUNCTION      0.04     0.04     0  09:00      0.0172      0.0172       0.028
  KRO2001              JUNCTION      0.04     1.19     0  09:19      0.0172       0.512       0.100
  KRO4004              JUNCTION      0.04     0.04     0  09:00      0.0172      0.0172       0.041
  KRO4008              JUNCTION      0.04     0.08     0  09:01      0.0172      0.0343       0.039
  KRO4009              JUNCTION      0.04     0.08     0  09:01      0.0172      0.0343       0.109
  KRO4010              JUNCTION      0.04     0.12     0  09:24      0.0172      0.0514       0.104
  KRO4011              JUNCTION      0.04     0.24     0  09:36      0.0172       0.103       0.054
  KRO4012              JUNCTION      0.04     0.28     0  09:26      0.0172        0.12       0.057
  KRO4013              JUNCTION      0.04     0.04     0  09:00      0.0172      0.0172       0.040
  KRO4014              JUNCTION      0.04     0.08     0  09:01      0.0172      0.0343       0.053
  KRO4015              JUNCTION      0.04     0.12     0  09:01      0.0172      0.0515       0.032
  KRO4016              JUNCTION      0.00     0.12     0  09:02           0      0.0514       0.027
  KRO4017              JUNCTION      0.04     0.20     0  09:02      0.0172      0.0857       0.076
  KRO4018              JUNCTION      0.04     0.24     0  09:04      0.0172       0.103       0.051
  KRO4019              JUNCTION      0.04     0.28     0  09:03      0.0172        0.12       0.052
  KRO2005              OUTFALL       0.00     1.19     0  09:21           0       0.511       0.000
  PSO                  OUTFALL       0.00     0.00     0  00:00           0           0       0.000 gal
  SU1                  STORAGE       0.04     0.64     0  09:38      0.0172       0.274       0.044
  
  
  **********************
  Node Surcharge Summary
  **********************
  
  No nodes were surcharged.
  
  
  *********************
  Node Flooding Summary
  *********************
  
  No nodes were flooded.
  
  
  **********************
  Storage Volume Summary
  **********************
  
  ------------------------------------------------------------------------------------------------
                         Average    Avg   Evap  Exfil     Maximum    Max    Time of Max    Maximum
                          Volume   Pcnt   Pcnt   Pcnt      Volume   Pcnt     Occurrence    Outflow
  Storage Unit          1000 ft³   Full   Loss   Loss    1000 ft³   Full    days hr:min        CFS
  ------------------------------------------------------------------------------------------------
  SU1                      0.063   13.1    0.0    0.0       0.116   24.2       0  00:11       0.89
  
  
  ***********************
  Outfall Loading Summary
  ***********************
  
  -----------------------------------------------------------
                         Flow       Avg       Max       Total
                         Freq      Flow      Flow      Volume
  Outfall Node           Pcnt       CFS       CFS    10^6 gal
  -----------------------------------------------------------
  KRO2005               99.98      0.79      1.19       0.511
  PSO                    0.00      0.00      0.00       0.000
  -----------------------------------------------------------
  System                49.99      0.79      1.19       0.511
  
  
  ********************
  Link Flow Summary
  ********************
  
  -----------------------------------------------------------------------------
                                 Maximum  Time of Max   Maximum    Max/    Max/
                                  |Flow|   Occurrence   |Veloc|    Full    Full
  Link                 Type          CFS  days hr:min    ft/sec    Flow   Depth
  -----------------------------------------------------------------------------
  KRO3001-KRO3002      CONDUIT      0.32     0  09:28      4.43    0.05    0.15
  SU1-PSO              CONDUIT      0.00     0  00:00      0.00    0.00    0.00
  KRO1002-KRO1003      CONDUIT      0.04     0  16:01      1.02    0.01    0.10
  KRO1003-KRO1008      CONDUIT      0.08     0  09:17      1.38    0.03    0.13
  KRO1004-KRO6016      CONDUIT      0.04     0  09:03      1.22    0.01    0.09
  KRO1005-KRO2001      CONDUIT      0.20     0  09:36      1.53    0.04    0.28
  KRO1006-KRO1007      CONDUIT      0.04     0  09:01      1.62    0.01    0.07
  KRO1007-KRO1008      CONDUIT      0.08     0  09:16      1.65    0.02    0.11
  KRO1008-KRO1009      CONDUIT      0.20     0  09:21      2.26    0.04    0.20
  KRO1009-KRO1010      CONDUIT      0.92     0  09:19      5.76    0.16    0.26
  KRO1010-KRO2001      CONDUIT      0.96     0  09:19      4.20    0.13    0.33
  KRO1012-KRO4009      CONDUIT      0.04     0  09:01      1.36    0.01    0.08
  KRO1013-KRO1009      CONDUIT      0.68     0  09:18      3.31    0.25    0.31
  KRO1014-KRO1013      CONDUIT      0.64     0  09:15      1.95    0.44    0.43
  KRO1015-KRO4014      CONDUIT      0.04     0  16:01      2.39    0.00    0.05
  KRO2001-KRO2005      CONDUIT      1.19     0  09:21      3.78    0.37    0.42
  KRO4004-KRO4008      CONDUIT      0.04     0  09:01      1.95    0.01    0.06
  KRO4008-KRO4011      CONDUIT      0.08     0  09:01      2.43    0.01    0.09
  KRO4009-KRO4010      CONDUIT      0.08     0  09:24      1.58    0.02    0.12
  KRO4010-KRO4011      CONDUIT      0.12     0  09:36      2.26    0.03    0.12
  KRO4011-KRO4012      CONDUIT      0.24     0  09:26      4.73    0.03    0.12
  KRO4012-KRO3001      CONDUIT      0.28     0  09:27      5.14    0.03    0.12
  KRO4013-KRO4017      CONDUIT      0.04     0  09:01      1.87    0.00    0.09
  KRO4014-KRO4015      CONDUIT      0.08     0  09:01      2.63    0.01    0.08
  KRO4015-KRO4016      CONDUIT      0.12     0  09:02      3.21    0.02    0.09
  KRO4016-KRO4017      CONDUIT      0.12     0  09:02      2.59    0.02    0.11
  KRO4017-KRO4018      CONDUIT      0.20     0  09:04      3.08    0.04    0.14
  KRO4018-KRO4019      CONDUIT      0.24     0  09:03      3.43    0.04    0.14
  KRO4019-KRO3002      CONDUIT      0.28     0  09:04      4.01    0.04    0.14
  KRO6015-KRO6016      CONDUIT      0.04     0  16:01      1.66    0.01    0.09
  KRO6016-KRO6017      CONDUIT      0.12     0  09:31      2.03    0.03    0.13
  KRO6017-KRO1005      CONDUIT      0.16     0  09:41      2.61    0.04    0.13
  PUMP1                PUMP         0.89     0  00:12              0.99
  
  
  ***************************
  Flow Classification Summary
  ***************************
  
  -------------------------------------------------------------------------------------
                      Adjusted    ---------- Fraction of Time in Flow Class ---------- 
                       /Actual         Up    Down  Sub   Sup   Up    Down  Norm  Inlet 
  Conduit               Length    Dry  Dry   Dry   Crit  Crit  Crit  Crit  Ltd   Ctrl  
  -------------------------------------------------------------------------------------
  KRO3001-KRO3002         1.00   0.00  0.00  0.00  0.00  0.00  0.00  1.00  0.00  0.00
  SU1-PSO                 1.00   1.00  0.00  0.00  0.00  0.00  0.00  0.00  0.00  0.00
  KRO1002-KRO1003         1.00   0.00  0.00  0.00  1.00  0.00  0.00  0.00  1.00  0.00
  KRO1003-KRO1008         1.00   0.00  0.00  0.00  1.00  0.00  0.00  0.00  1.00  0.00
  KRO1004-KRO6016         1.00   0.00  0.00  0.00  1.00  0.00  0.00  0.00  1.00  0.00
  KRO1005-KRO2001         1.00   0.00  0.00  0.00  1.00  0.00  0.00  0.00  1.00  0.00
  KRO1006-KRO1007         1.00   0.00  0.00  0.00  0.00  1.00  0.00  0.00  1.00  0.00
  KRO1007-KRO1008         1.00   0.00  0.00  0.00  0.29  0.71  0.00  0.00  1.00  0.00
  KRO1008-KRO1009         1.00   0.00  0.00  0.00  0.97  0.03  0.00  0.00  1.00  0.00
  KRO1009-KRO1010         1.00   0.00  0.00  0.00  0.00  1.00  0.00  0.00  0.01  0.00
  KRO1010-KRO2001         1.00   0.00  0.00  0.00  0.00  1.00  0.00  0.00  1.00  0.00
  KRO1012-KRO4009         1.00   0.00  0.00  0.00  1.00  0.00  0.00  0.00  1.00  0.00
  KRO1013-KRO1009         1.00   0.00  0.00  0.00  0.03  0.97  0.00  0.00  0.02  0.00
  KRO1014-KRO1013         1.00   0.00  0.01  0.00  0.99  0.00  0.00  0.00  0.03  0.00
  KRO1015-KRO4014         1.00   0.00  0.00  0.00  0.00  1.00  0.00  0.00  1.00  0.00
  KRO2001-KRO2005         1.00   0.00  0.00  0.00  0.00  1.00  0.00  0.00  0.51  0.00
  KRO4004-KRO4008         1.00   0.00  0.00  0.00  0.00  1.00  0.00  0.00  1.00  0.00
  KRO4008-KRO4011         1.00   0.00  0.00  0.00  0.00  1.00  0.00  0.00  1.00  0.00
  KRO4009-KRO4010         1.00   0.00  0.00  0.00  1.00  0.00  0.00  0.00  1.00  0.00
  KRO4010-KRO4011         1.00   0.00  0.00  0.00  0.00  1.00  0.00  0.00  0.00  0.00
  KRO4011-KRO4012         1.00   0.00  0.00  0.00  0.00  1.00  0.00  0.00  1.00  0.00
  KRO4012-KRO3001         1.00   0.00  0.00  0.00  0.00  0.00  0.00  1.00  0.00  0.00
  KRO4013-KRO4017         1.00   0.00  0.00  0.00  1.00  0.00  0.00  0.00  1.00  0.00
  KRO4014-KRO4015         1.00   0.00  0.00  0.00  0.00  1.00  0.00  0.00  1.00  0.00
  KRO4015-KRO4016         1.00   0.00  0.00  0.00  0.00  1.00  0.00  0.00  0.01  0.00
  KRO4016-KRO4017         1.00   0.00  0.00  0.00  0.00  1.00  0.00  0.00  1.00  0.00
  KRO4017-KRO4018         1.00   0.00  0.00  0.00  0.00  1.00  0.00  0.00  1.00  0.00
  KRO4018-KRO4019         1.00   0.00  0.00  0.00  0.00  1.00  0.00  0.00  0.98  0.00
  KRO4019-KRO3002         1.00   0.00  0.00  0.00  0.00  0.00  0.00  1.00  0.00  0.00
  KRO6015-KRO6016         1.00   0.00  0.00  0.00  1.00  0.00  0.00  0.00  1.00  0.00
  KRO6016-KRO6017         1.00   0.00  0.00  0.00  0.00  1.00  0.00  0.00  1.00  0.00
  KRO6017-KRO1005         1.00   0.00  0.00  0.00  0.00  1.00  0.00  0.00  0.04  0.00
  
  
  *************************
  Conduit Surcharge Summary
  *************************
  
  No conduits were surcharged.
  
  
  ***************
  Pumping Summary
  ***************
  
  ---------------------------------------------------------------------------------------------------------
                                                  Min       Avg       Max     Total     Power    % Time Off
                        Percent   Number of      Flow      Flow      Flow    Volume     Usage    Pump Curve
  Pump                 Utilized   Start-Ups       CFS       CFS       CFS  10^6 gal     Kw-hr    Low   High
  ---------------------------------------------------------------------------------------------------------
  PUMP1                   94.70           9      0.00      0.45      0.89     0.273     39.27    0.0    0.0
  

  Analysis begun on:  Thu Feb 12 14:58:38 2026
  Analysis ended on:  Thu Feb 12 14:58:38 2026
  Total elapsed time: < 1 sec