
  EPA STORM WATER MANAGEMENT MODEL - VERSION 5.2 (Build 5.2.4)
  PYSWMM TOOLKIT API - VERSION v1.0 (2025-12-04)
  ------------------------------------------------------------

  A dual drainage model with street inlets. 
  File from EPA distribution, originally found in OpenWaterAnalytics/swmm-python 
  
  *************
  Element Count
  *************
  Number of rain gages ...... 1
  Number of subcatchments ... 7
  Number of nodes ........... 20
  Number of links ........... 23
  Number of pollutants ...... 0
  Number of land uses ....... 0
  
  
  ****************
  Raingage Summary
  ****************
                                                      Data       Recording
  Name                 Data Source                    Type       Interval 
  ------------------------------------------------------------------------
  RainGage             2-yr                           INTENSITY    5 min.
  
  
  ********************
  Subcatchment Summary
  ********************
  Name                       Area     Width   %Imperv    %Slope Rain Gage            Outlet              
  -----------------------------------------------------------------------------------------------------------
  S1                         4.55   1587.00     56.80    2.0000 RainGage             Aux1                
  S2                         4.74   1653.00     63.00    2.0000 RainGage             Aux4                
  S3                         3.74   1456.00     39.50    3.1000 RainGage             Aux3                
  S4                         6.79   2331.00     49.90    3.1000 RainGage             J7                  
  S5                         4.79   1670.00     87.70    2.0000 RainGage             J10                 
  S6                         1.98    690.00     95.00    2.0000 RainGage             J11                 
  S7                         2.33    907.00      0.00    3.1000 RainGage             J10                 
  
  
  ************
  Node Summary
  ************
                                           Invert      Max.    Ponded    External
  Name                 Type                 Elev.     Depth      Area    Inflow  
  -------------------------------------------------------------------------------
  Aux1                 JUNCTION           4975.00      1.30       0.0
  Aux2                 JUNCTION           4973.00      1.30       0.0
  Aux3                 JUNCTION           4968.50      9.00       0.0
  Aux4                 JUNCTION           4971.80      1.30       0.0
  Aux5                 JUNCTION           4970.70      1.30       0.0
  Aux6                 JUNCTION           4969.00      1.30       0.0
  Aux7                 JUNCTION           4963.00      1.30       0.0
  J1                   JUNCTION           4969.00      4.00       0.0
  J10                  JUNCTION           4957.80      9.00       0.0
  J11                  JUNCTION           4957.00      9.00       0.0
  J2                   JUNCTION           4965.00      4.00       0.0
  J2a                  JUNCTION           4966.70      4.00       0.0
  J3                   JUNCTION           4973.00      3.00       0.0
  J4                   JUNCTION           4965.00      9.00       0.0
  J5                   JUNCTION           4965.80      7.00       0.0
  J6                   JUNCTION           4969.00      3.50       0.0
  J7                   JUNCTION           4963.50     11.00       0.0
  J8                   JUNCTION           4966.50      3.50       0.0
  J9                   JUNCTION           4964.80      3.00       0.0
  O1                   OUTFALL            4956.00      0.00       0.0
  
  
  ************
  Link Summary
  ************
  Name             From Node        To Node          Type            Length    %Slope Roughness
  ---------------------------------------------------------------------------------------------
  Street1          Aux1             Aux2             CONDUIT          377.3    0.5301    0.0160
  Street2          Aux2             Aux4             CONDUIT          286.1    0.4195    0.0160
  Street3          Aux4             Aux5             CONDUIT          239.4    0.4595    0.0160
  Street4          Aux5             Aux6             CONDUIT          157.5    1.0796    0.0160
  Street5          Aux6             Aux7             CONDUIT          526.0    1.1408    0.0160
  C3               J3               J4               CONDUIT          109.0    1.8352    0.0160
  C4               J4               J5               CONDUIT          133.0    0.9023    0.0500
  C5               J5               J6               CONDUIT          207.0    0.3865    0.0500
  C6               J7               J6               CONDUIT          140.0    1.7860    0.0500
  C7               J6               J8               CONDUIT           95.0    2.6325    0.0160
  C8               J8               J9               CONDUIT          166.0    1.0242    0.0500
  C9               J9               J10              CONDUIT          320.0    0.3125    0.0500
  C10              J10              J11              CONDUIT          145.0    0.5517    0.0500
  C_Aux3           Aux3             J3               CONDUIT          444.8    0.3373    0.0500
  P1               J1               J5               CONDUIT          185.4    1.7263    0.0160
  P2               J2a              J2               CONDUIT          157.5    1.0796    0.0160
  P3               J2               J11              CONDUIT          529.2    1.5118    0.0160
  P4               Aux3             J4               CONDUIT          567.2    0.6171    0.0160
  P5               J5               J4               CONDUIT          126.0    0.6350    0.0160
  P6               J4               J7               CONDUIT          360.4    0.4162    0.0160
  P7               J7               J10              CONDUIT          507.8    1.1226    0.0160
  P8               J10              J11              CONDUIT          144.5    0.5536    0.0160
  C11              J11              O1               OUTLET      
  
  
  *********************
  Cross Section Summary
  *********************
                                        Full     Full     Hyd.     Max.   No. of     Full
  Conduit          Shape               Depth     Area     Rad.    Width  Barrels     Flow
  ---------------------------------------------------------------------------------------
  Street1          FullStreet           1.30    52.00     0.56    80.00        1   238.53
  Street2          FullStreet           1.30    52.00     0.56    80.00        1   212.20
  Street3          FullStreet           1.30    52.00     0.56    80.00        1   222.07
  Street4          HalfStreet           1.30    26.00     0.64    40.00        1   186.11
  Street5          HalfStreet           1.30    26.00     0.64    40.00        1   191.32
  C3               CIRCULAR             2.25     3.98     0.56     2.25        1    34.09
  C4               TRAPEZOIDAL          3.00    60.00     1.69    35.00        1   239.91
  C5               TRAPEZOIDAL          3.00    60.00     1.69    35.00        1   157.02
  C6               TRAPEZOIDAL          3.00    60.00     1.69    35.00        1   337.54
  C7               CIRCULAR             3.50     9.62     0.88     3.50        1   132.63
  C8               TRAPEZOIDAL          3.00    60.00     1.69    35.00        1   255.60
  C9               TRAPEZOIDAL          3.00    60.00     1.69    35.00        1   141.19
  C10              TRAPEZOIDAL          3.00    60.00     1.69    35.00        1   187.61
  C_Aux3           TRAPEZOIDAL          3.00    60.00     1.69    35.00        1   146.68
  P1               CIRCULAR             0.50     0.20     0.12     0.50        1     0.60
  P2               CIRCULAR             1.50     1.77     0.38     1.50        1     8.87
  P3               CIRCULAR             1.50     1.77     0.38     1.50        1    10.49
  P4               CIRCULAR             1.67     2.19     0.42     1.67        1     8.93
  P5               CIRCULAR             1.83     2.63     0.46     1.83        1    11.56
  P6               CIRCULAR             2.00     3.14     0.50     2.00        1    11.86
  P7               CIRCULAR             2.00     3.14     0.50     2.00        1    19.48
  P8               CIRCULAR             3.17     7.89     0.79     3.17        1    46.71
  
  
  **************
  Street Summary
  **************

  Street HalfStreet
  Area:  
              0.0003     0.0013     0.0029     0.0052     0.0081 
              0.0117     0.0159     0.0208     0.0263     0.0325 
              0.0393     0.0468     0.0549     0.0637     0.0731 
              0.0832     0.0939     0.1053     0.1173     0.1302 
              0.1443     0.1598     0.1765     0.1946     0.2139 
              0.2346     0.2565     0.2798     0.3043     0.3302 
              0.3573     0.3853     0.4139     0.4432     0.4731 
              0.5037     0.5349     0.5668     0.5993     0.6325 
              0.6663     0.7008     0.7359     0.7717     0.8081 
              0.8452     0.8829     0.9213     0.9603     1.0000 
  Hrad:  
              0.0195     0.0389     0.0584     0.0779     0.0974 
              0.1168     0.1363     0.1558     0.1752     0.1947 
              0.2142     0.2337     0.2531     0.2726     0.2921 
              0.3115     0.3310     0.3505     0.3700     0.3766 
              0.3821     0.3899     0.3994     0.4105     0.4227 
              0.4358     0.4498     0.4644     0.4796     0.4953 
              0.5141     0.5418     0.5692     0.5963     0.6231 
              0.6497     0.6760     0.7020     0.7278     0.7534 
              0.7788     0.8040     0.8291     0.8539     0.8786 
              0.9032     0.9276     0.9519     0.9760     1.0000 
  Width: 
              0.0163     0.0325     0.0488     0.0650     0.0813 
              0.0975     0.1137     0.1300     0.1462     0.1625 
              0.1788     0.1950     0.2113     0.2275     0.2438 
              0.2600     0.2763     0.2925     0.3088     0.3375 
              0.3700     0.4025     0.4350     0.4675     0.5000 
              0.5325     0.5650     0.5975     0.6300     0.6625 
              0.6913     0.7075     0.7238     0.7400     0.7563 
              0.7725     0.7888     0.8050     0.8213     0.8375 
              0.8538     0.8700     0.8863     0.9025     0.9188 
              0.9350     0.9513     0.9675     0.9838     1.0000 

  Street FullStreet
  Area:  
              0.0003     0.0013     0.0029     0.0052     0.0081 
              0.0117     0.0159     0.0208     0.0263     0.0325 
              0.0393     0.0468     0.0549     0.0637     0.0731 
              0.0832     0.0939     0.1053     0.1173     0.1302 
              0.1443     0.1598     0.1765     0.1946     0.2139 
              0.2346     0.2565     0.2798     0.3043     0.3302 
              0.3573     0.3853     0.4139     0.4432     0.4731 
              0.5037     0.5349     0.5668     0.5993     0.6325 
              0.6663     0.7008     0.7359     0.7717     0.8081 
              0.8452     0.8829     0.9213     0.9603     1.0000 
  Hrad:  
              0.0223     0.0445     0.0668     0.0891     0.1113 
              0.1336     0.1559     0.1781     0.2004     0.2226 
              0.2449     0.2672     0.2894     0.3117     0.3340 
              0.3562     0.3785     0.4008     0.4230     0.4379 
              0.4509     0.4646     0.4789     0.4938     0.5092 
              0.5252     0.5417     0.5586     0.5760     0.5938 
              0.6116     0.6449     0.6778     0.7103     0.7425 
              0.7742     0.8056     0.8367     0.8675     0.8980 
              0.9282     0.9582     0.9879     1.0173     1.0465 
              1.0755     1.1044     1.1330     1.1614     1.0000 
  Width: 
              0.0163     0.0325     0.0488     0.0650     0.0813 
              0.0975     0.1137     0.1300     0.1462     0.1625 
              0.1788     0.1950     0.2113     0.2275     0.2438 
              0.2600     0.2763     0.2925     0.3088     0.3375 
              0.3700     0.4025     0.4350     0.4675     0.5000 
              0.5325     0.5650     0.5975     0.6300     0.6625 
              0.6913     0.7075     0.7238     0.7400     0.7563 
              0.7725     0.7888     0.8050     0.8213     0.8375 
              0.8538     0.8700     0.8863     0.9025     0.9188 
              0.9350     0.9513     0.9675     0.9838     1.0000 
  
  
  ****************
  Analysis Options
  ****************
  Flow Units ............... CFS
  Process Models:
    Rainfall/Runoff ........ YES
    RDII ................... NO
    Snowmelt ............... NO
    Groundwater ............ NO
    Flow Routing ........... YES
    Ponding Allowed ........ NO
    Water Quality .......... NO
  Infiltration Method ...... HORTON
  Flow Routing Method ...... DYNWAVE
  Surcharge Method ......... EXTRAN
  Starting Date ............ 01/01/2007 00:00:00
  Ending Date .............. 01/01/2007 06:00:00
  Antecedent Dry Days ...... 0.0
  Report Time Step ......... 00:01:00
  Wet Time Step ............ 00:01:00
  Dry Time Step ............ 01:00:00
  Routing Time Step ........ 15.00 sec
  Variable Time Step ....... YES
  Maximum Trials ........... 8
  Number of Threads ........ 1
  Head Tolerance ........... 0.005000 ft
  
  
  **************************        Volume         Depth
  Runoff Quantity Continuity     acre-feet        inches
  **************************     ---------       -------
  Total Precipitation ......         2.358         0.978
  Evaporation Loss .........         0.000         0.000
  Infiltration Loss ........         1.011         0.420
  Surface Runoff ...........         1.285         0.533
  Final Storage ............         0.062         0.026
  Continuity Error (%) .....        -0.042
  
  
  **************************        Volume        Volume
  Flow Routing Continuity        acre-feet      10^6 gal
  **************************     ---------     ---------
  Dry Weather Inflow .......         0.000         0.000
  Wet Weather Inflow .......         1.286         0.419
  Groundwater Inflow .......         0.000         0.000
  RDII Inflow ..............         0.000         0.000
  External Inflow ..........         0.000         0.000
  External Outflow .........         1.320         0.430
  Flooding Loss ............         0.000         0.000
  Evaporation Loss .........         0.000         0.000
  Exfiltration Loss ........         0.000         0.000
  Initial Stored Volume ....         0.000         0.000
  Final Stored Volume ......         0.000         0.000
  Continuity Error (%) .....        -2.674
  
  
  *************************
  Highest Continuity Errors
  *************************
  Node J11 (-2.41%)
  Node Aux2 (1.16%)
  
  
  ***************************
  Time-Step Critical Elements
  ***************************
  Link P8 (10.89%)
  Link P2 (3.18%)
  
  
  ********************************
  Highest Flow Instability Indexes
  ********************************
  Link C11 (93)
  Link P8 (2)
  Link P3 (1)
  
  
  *********************************
  Most Frequent Nonconverging Nodes
  *********************************
  Node O1 (1.15%)
  Node J2a (0.74%)
  Node J2 (0.74%)
  Node J1 (0.27%)
  Node J11 (0.07%)
  
  
  *************************
  Routing Time Step Summary
  *************************
  Minimum Time Step           :     1.89 sec
  Average Time Step           :    14.60 sec
  Maximum Time Step           :    15.00 sec
  % of Time in Steady State   :     0.00
  Average Iterations per Step :     2.38
  % of Steps Not Converging   :     1.15
  Time Step Frequencies       :
     15.000 -  7.597 sec      :    99.26 %
      7.597 -  3.848 sec      :     0.61 %
      3.848 -  1.949 sec      :     0.07 %
      1.949 -  0.987 sec      :     0.07 %
      0.987 -  0.500 sec      :     0.00 %
  
  
  ***************************
  Subcatchment Runoff Summary
  ***************************
  
  ------------------------------------------------------------------------------------------------------------------------------
                            Total      Total      Total      Total     Imperv       Perv      Total       Total     Peak  Runoff
                           Precip      Runon       Evap      Infil     Runoff     Runoff     Runoff      Runoff   Runoff   Coeff
  Subcatchment                 in         in         in         in         in         in         in    10^6 gal      CFS
  ------------------------------------------------------------------------------------------------------------------------------
  S1                         0.98       0.00       0.00       0.42       0.53       0.00       0.53        0.07     7.35   0.542
  S2                         0.98       0.00       0.00       0.36       0.59       0.00       0.59        0.08     8.47   0.601
  S3                         0.98       0.00       0.00       0.59       0.37       0.00       0.37        0.04     4.24   0.377
  S4                         0.98       0.00       0.00       0.49       0.47       0.00       0.47        0.09     9.70   0.476
  S5                         0.98       0.00       0.00       0.12       0.82       0.00       0.82        0.11    11.75   0.837
  S6                         0.98       0.00       0.00       0.05       0.89       0.00       0.89        0.05     5.23   0.907
  S7                         0.98       0.00       0.00       0.98       0.00       0.00       0.00        0.00     0.00   0.000
  
  
  ******************
  Node Depth Summary
  ******************
  
  ---------------------------------------------------------------------------------
                                 Average  Maximum  Maximum  Time of Max    Reported
                                   Depth    Depth      HGL   Occurrence   Max Depth
  Node                 Type         Feet     Feet     Feet  days hr:min        Feet
  ---------------------------------------------------------------------------------
  Aux1                 JUNCTION     0.08     0.38  4975.38     0  00:35        0.38
  Aux2                 JUNCTION     0.06     0.35  4973.35     0  00:36        0.35
  Aux3                 JUNCTION     0.11     0.81  4969.31     0  00:35        0.81
  Aux4                 JUNCTION     0.10     0.47  4972.27     0  00:35        0.47
  Aux5                 JUNCTION     0.05     0.40  4971.10     0  00:36        0.40
  Aux6                 JUNCTION     0.03     0.33  4969.33     0  00:38        0.33
  Aux7                 JUNCTION     0.01     0.16  4963.16     0  00:39        0.16
  J1                   JUNCTION     0.45     4.00  4973.00     0  00:22        4.00
  J10                  JUNCTION     0.52     6.26  4964.06     0  00:40        6.26
  J11                  JUNCTION     0.48     7.01  4964.01     0  00:40        7.00
  J2                   JUNCTION     0.24     4.00  4969.00     0  00:36        4.00
  J2a                  JUNCTION     0.20     3.41  4970.11     0  00:36        3.17
  J3                   JUNCTION     0.00     0.00  4973.00     0  00:00        0.00
  J4                   JUNCTION     0.15     0.88  4965.88     0  00:35        0.88
  J5                   JUNCTION     0.09     0.33  4966.13     0  00:32        0.33
  J6                   JUNCTION     0.00     0.00  4969.00     0  00:00        0.00
  J7                   JUNCTION     0.20     1.65  4965.15     0  00:36        1.64
  J8                   JUNCTION     0.00     0.00  4966.50     0  00:00        0.00
  J9                   JUNCTION     0.00     0.00  4964.80     0  00:00        0.00
  O1                   OUTFALL      0.00     0.00  4956.00     0  00:00        0.00
  
  
  *******************
  Node Inflow Summary
  *******************
  
  -------------------------------------------------------------------------------------------------
                                  Maximum  Maximum                  Lateral       Total        Flow
                                  Lateral    Total  Time of Max      Inflow      Inflow     Balance
                                   Inflow   Inflow   Occurrence      Volume      Volume       Error
  Node                 Type           CFS      CFS  days hr:min    10^6 gal    10^6 gal     Percent
  -------------------------------------------------------------------------------------------------
  Aux1                 JUNCTION      7.35     7.35     0  00:35      0.0656      0.0656      -0.744
  Aux2                 JUNCTION     -0.94     7.24     0  00:35     -0.0213       0.066       1.174
  Aux3                 JUNCTION      4.24     4.24     0  00:35      0.0375      0.0375      -0.293
  Aux4                 JUNCTION      8.47    13.23     0  00:35      0.0757        0.12      -0.328
  Aux5                 JUNCTION     -6.54    12.39     0  00:35     -0.0842        0.12       0.147
  Aux6                 JUNCTION     -2.95     5.65     0  00:37     -0.0234      0.0357       0.343
  Aux7                 JUNCTION     -2.84     2.85     0  00:38     -0.0121      0.0122       0.000
  J1                   JUNCTION      3.40     3.40     0  00:35      0.0327      0.0327      -0.114
  J10                  JUNCTION     11.75    23.82     0  00:33       0.107       0.251      -0.345
  J11                  JUNCTION      5.97    33.28     0  00:35      0.0598        0.42      -2.351
  J2                   JUNCTION      3.13     9.50     0  00:36      0.0246       0.109      -0.102
  J2a                  JUNCTION      6.54     6.54     0  00:36      0.0842      0.0842      -0.209
  J3                   JUNCTION      0.00     0.00     0  00:00           0           0       0.000 gal
  J4                   JUNCTION      0.00     5.03     0  00:35           0       0.059       0.246
  J5                   JUNCTION      0.00     0.83     0  00:33           0      0.0214      -0.011
  J6                   JUNCTION      0.00     0.00     0  00:00           0           0       0.000 gal
  J7                   JUNCTION      9.70    14.36     0  00:35       0.086       0.145      -0.047
  J8                   JUNCTION      0.00     0.00     0  00:00           0           0       0.000 gal
  J9                   JUNCTION      0.00     0.00     0  00:00           0           0       0.000 gal
  O1                   OUTFALL       0.00    26.47     0  00:40           0        0.43       0.000
  
  
  **********************
  Node Surcharge Summary
  **********************
  
  Surcharging occurs when water rises above the top of the highest conduit.
  ---------------------------------------------------------------------
                                               Max. Height   Min. Depth
                                   Hours       Above Crown    Below Rim
  Node                 Type      Surcharged           Feet         Feet
  ---------------------------------------------------------------------
  J1                   JUNCTION        0.54          3.500        0.000
  J2                   JUNCTION        0.14          2.500        0.000
  J2a                  JUNCTION        0.09          1.911        0.589
  
  
  *********************
  Node Flooding Summary
  *********************
  
  Flooding refers to all water that overflows a node, whether it ponds or not.
  --------------------------------------------------------------------------
                                                             Total   Maximum
                                 Maximum   Time of Max       Flood    Ponded
                        Hours       Rate    Occurrence      Volume     Depth
  Node                 Flooded       CFS   days hr:min    10^6 gal      Feet
  --------------------------------------------------------------------------
  J1                      0.43      2.57      0  00:35       0.011     0.000
  J2                      0.06      1.16      0  00:36       0.001     0.000
  
  
  ***********************
  Outfall Loading Summary
  ***********************
  
  -----------------------------------------------------------
                         Flow       Avg       Max       Total
                         Freq      Flow      Flow      Volume
  Outfall Node           Pcnt       CFS       CFS    10^6 gal
  -----------------------------------------------------------
  O1                    71.60      4.18     26.47       0.430
  -----------------------------------------------------------
  System                71.60      4.18     26.47       0.430
  
  
  *******************
  Street Flow Summary
  *******************
  
  ---------------------------------------------------------------------------------------------------------------------------------------
                                                                                        Peak     Avg.   Bypass     Back     Peak     Peak
                        Peak   Maximum   Maximum                                        Flow     Flow     Flow     Flow  Capture   Bypass
                        Flow    Spread     Depth  Inlet             Inlet     Inlet  Capture  Capture     Freq     Freq  / Inlet     Flow
  Street Conduit         CFS        ft        ft  Design            Location  Count     Pcnt     Pcnt     Pcnt     Pcnt      CFS      CFS
  ---------------------------------------------------------------------------------------------------------------------------------------
  Street1              7.244     8.907     0.356  ComboInlet        ON-GRADE      1    11.70    47.08    86.48     0.00     0.42     6.40
  Street2              5.446    10.188     0.408
  Street3             12.394    10.829     0.433  ComboInlet        ON-GRADE      1    52.79    93.98    37.47     0.00     3.27     5.85
  Street4              5.648     8.855     0.354  ComboInlet        ON-GRADE      1    37.42    93.09    33.39     0.00     2.11     3.53
  Street5              2.853     6.011     0.240  ComboInlet        ON-SAG        2    97.73    91.00    21.14     0.31     1.39     0.06
  
  
  ********************
  Link Flow Summary
  ********************
  
  -----------------------------------------------------------------------------
                                 Maximum  Time of Max   Maximum    Max/    Max/
                                  |Flow|   Occurrence   |Veloc|    Full    Full
  Link                 Type          CFS  days hr:min    ft/sec    Flow   Depth
  -----------------------------------------------------------------------------
  Street1              CONDUIT      7.24     0  00:35      2.36    0.03    0.27
  Street2              CONDUIT      5.45     0  00:36      1.35    0.03    0.31
  Street3              CONDUIT     12.39     0  00:35      2.65    0.06    0.33
  Street4              CONDUIT      5.65     0  00:37      4.00    0.03    0.27
  Street5              CONDUIT      2.85     0  00:38      3.95    0.01    0.18
  C3                   CONDUIT      0.00     0  00:00      0.00    0.00    0.00
  C4                   CONDUIT      0.00     0  00:00      0.00    0.00    0.00
  C5                   CONDUIT      0.00     0  00:00      0.00    0.00    0.00
  C6                   CONDUIT      0.00     0  00:00      0.00    0.00    0.00
  C7                   CONDUIT      0.00     0  00:00      0.00    0.00    0.00
  C8                   CONDUIT      0.00     0  00:00      0.00    0.00    0.00
  C9                   CONDUIT      0.00     0  00:00      0.00    0.00    0.04
  C10                  CONDUIT      1.32     0  00:40      0.25    0.01    0.21
  C_Aux3               CONDUIT      0.00     0  00:00      0.00    0.00    0.00
  P1                   CONDUIT      0.83     0  00:33      4.75    1.38    0.83
  P2                   CONDUIT      6.51     0  00:36      5.08    0.73    1.00
  P3                   CONDUIT      8.43     0  00:36      5.51    0.80    1.00
  P4                   CONDUIT      4.21     0  00:35      3.89    0.47    0.50
  P5                   CONDUIT      0.83     0  00:29      1.89    0.07    0.33
  P6                   CONDUIT      4.78     0  00:35      2.62    0.40    0.63
  P7                   CONDUIT     12.67     0  00:33      4.72    0.65    0.91
  P8                   CONDUIT     20.46     0  00:35      5.81    0.44    1.00
  C11                  DUMMY       26.47     0  00:40
  
  
  ***************************
  Flow Classification Summary
  ***************************
  
  -------------------------------------------------------------------------------------
                      Adjusted    ---------- Fraction of Time in Flow Class ---------- 
                       /Actual         Up    Down  Sub   Sup   Up    Down  Norm  Inlet 
  Conduit               Length    Dry  Dry   Dry   Crit  Crit  Crit  Crit  Ltd   Ctrl  
  -------------------------------------------------------------------------------------
  Street1                 1.00   0.00  0.00  0.00  0.91  0.09  0.00  0.00  0.67  0.00
  Street2                 1.00   0.00  0.01  0.00  0.99  0.00  0.00  0.00  0.99  0.00
  Street3                 1.00   0.00  0.00  0.00  0.08  0.92  0.00  0.00  0.00  0.00
  Street4                 1.00   0.01  0.00  0.00  0.48  0.52  0.00  0.00  0.46  0.00
  Street5                 1.00   0.03  0.00  0.00  0.03  0.94  0.00  0.00  0.00  0.00
  C3                      1.00   1.00  0.00  0.00  0.00  0.00  0.00  0.00  0.00  0.00
  C4                      1.00   1.00  0.00  0.00  0.00  0.00  0.00  0.00  0.00  0.00
  C5                      1.00   1.00  0.00  0.00  0.00  0.00  0.00  0.00  0.00  0.00
  C6                      1.00   1.00  0.00  0.00  0.00  0.00  0.00  0.00  0.00  0.00
  C7                      1.00   1.00  0.00  0.00  0.00  0.00  0.00  0.00  0.00  0.00
  C8                      1.00   1.00  0.00  0.00  0.00  0.00  0.00  0.00  0.00  0.00
  C9                      1.00   0.98  0.02  0.00  0.00  0.00  0.00  0.00  0.00  0.00
  C10                     1.00   0.97  0.01  0.00  0.02  0.00  0.00  0.00  0.90  0.00
  C_Aux3                  1.00   1.00  0.00  0.00  0.00  0.00  0.00  0.00  0.00  0.00
  P1                      1.00   0.01  0.00  0.00  0.34  0.65  0.00  0.00  0.00  0.00
  P2                      1.00   0.01  0.00  0.00  0.70  0.29  0.00  0.00  0.88  0.00
  P3                      1.00   0.01  0.00  0.00  0.14  0.85  0.00  0.00  0.07  0.00
  P4                      1.00   0.00  0.00  0.00  0.97  0.02  0.00  0.00  0.79  0.00
  P5                      1.00   0.00  0.27  0.00  0.73  0.00  0.00  0.00  0.99  0.00
  P6                      1.00   0.00  0.00  0.00  1.00  0.00  0.00  0.00  1.00  0.00
  P7                      1.00   0.00  0.00  0.00  1.00  0.00  0.00  0.00  0.96  0.00
  P8                      1.00   0.00  0.00  0.00  0.47  0.52  0.00  0.00  0.02  0.00
  
  
  *************************
  Conduit Surcharge Summary
  *************************
  
  ----------------------------------------------------------------------------
                                                           Hours        Hours 
                         --------- Hours Full --------   Above Full   Capacity
  Conduit                Both Ends  Upstream  Dnstream   Normal Flow   Limited
  ----------------------------------------------------------------------------
  P1                          0.01      0.54      0.01      0.51         0.01
  P2                          0.09      0.09      0.14      0.01         0.01
  P3                          0.14      0.14      0.46      0.01         0.01
  P7                          0.01      0.01      0.34      0.01         0.01
  P8                          0.28      0.28      0.31      0.01         0.01
  

  Analysis begun on:  Thu Feb 12 14:58:37 2026
  Analysis ended on:  Thu Feb 12 14:58:37 2026
  Total elapsed time: < 1 sec